ajt@debian.org
quigley@canonical.com
quigley@canonical.com
rene@debian.org
quigley@canonical.com
rene@debian.org
jamie@canonical.com
dressler@gmail.com
intrigeri@boum.org
jamie@canonical.com
davies@canonical.com
quigley@canonical.com
rene@debian.org
pitt@ubuntu.com
jon@jon.demon
mike@piratehaven.org
rohangarg@kubuntu.org
jmknoble@mercury.interpath
alvar@meiko.co
clameter@debian.org
jtang@tresys.com
x@lists.debian
osamu@debian.org
aron@debian.org
kirkland@canonical.com
kirkland@canonical.com
kirkland@canonical.com
brian@canonical.com
shaunm@gnome.org
pdewacht@gmail.com
gunnarhj@ubuntu.com
eee@google.com
hmh@debian.org
jplejacq@quoininc.com
martin@piware.de
biebl@debian.org
ejad@debian.org
filippo@debian.org
limonciello@dell.com
iwamatsu@debian.org
walters@debian.org
sjoerd@debian.org
printing@lists.debian
miquels@cistron.nl
hmh@rcm.org
rleigh@debian.org
bigon@debian.org
tytso@mit.edu
feedback@logmein.com
beattie@canonical.com
kees@ubuntu.com
rohangarg@kubuntu.org
username@site.domain
admin@digsigtrust.com
ca@bankengine.com
webmaster@belsign.be
webmaster@belsign.be
ca@certengine.com
ca@digsigtrust.com
ca@digsigtrust.com
ca@fortengine.com
ca@mailengine.com
basic@thawte.com
freemail@thawte.com
premium@thawte.com
server@thawte.com
certs@thawte.com
ca@traderengine.com
info@valicert.com
info@valicert.com
info@valicert.com
info@valicert.com
ca@digsigtrust.com
certificate@trustcenter.de
certificate@trustcenter.de
certify@pca.dfn
cert@argedaten.at
ips@mail.ips
info@netlock.hu
kris@mysql.com
kris@mysql.com
Lepied@sugix.frmug
Lepied@sugix.frmug
eichin@kitten.gen
rafael@debian.org
agmartin@debian.org
64x64@2.tar
128x128@2.tar
maint@lists.alioth
maint@lists.alioth
maint@lists.alioth
maint@lists.alioth
and1000@debian.org
kel@otaku42.de
devel@lists.alioth
devel@lists.alioth
license@farsiweb.info
64@openssh.com
alex@googlemail.com
